package sample4

import "database/sql"

type MyData struct {
	Name sql.Null[string]
}
